// Jest Snapshot v1, https://goo.gl/fbAQLP

exports[`<DividerTitle /> input -> correct output test 1`] = `
<Divider
  horizontal={true}
>
  <Header
    as="h4"
    className="title-class"
  >
    <Icon
      as="i"
      name="images outline"
    />
    i am title
  </Header>
</Divider>
`;
